// Jest Snapshot v1, https://goo.gl/fbAQLP

exports[`<ActivityRoutes /> component renders as expected 1`] = `
<Switch>
  <Route
    contentType="form"
    isPublic={false}
    key="/apd/:apdId/activity/:activityIndex/oms"
    pageName="Outcomes and Metrics"
    path="/apd/:apdId/activity/:activityIndex/oms"
    siteSection="APD - Activity"
  >
    <Section
      id={null}
      resource={null}
    >
      <Connect(Outcomes)
        activityIndex={3}
      />
    </Section>
  </Route>
  <Route
    contentType="form"
    isPublic={false}
    key="/apd/:apdId/activity/:activityIndex/conditions"
    pageName="Conditions For Enhanced Funding"
    path="/apd/:apdId/activity/:activityIndex/conditions"
    siteSection="APD - Activity"
  >
    <Section
      id={null}
      resource={null}
    >
      <Connect(ConditionsForEnhancedFunding)
        activityIndex={3}
      />
    </Section>
  </Route>
  <Route
    contentType="form"
    isPublic={false}
    key="/apd/:apdId/activity/:activityIndex/state-costs"
    pageName="State Staff and Expenses"
    path="/apd/:apdId/activity/:activityIndex/state-costs"
    siteSection="APD - Activity"
  >
    <Section
      id={null}
      resource={null}
    >
      <Costs
        activityIndex={3}
      />
    </Section>
  </Route>
  <Route
    contentType="form"
    isPublic={false}
    key="/apd/:apdId/activity/:activityIndex/contractor-costs"
    pageName="Private Contractor Costs"
    path="/apd/:apdId/activity/:activityIndex/contractor-costs"
    siteSection="APD - Activity"
  >
    <Section
      id={null}
      resource={null}
    >
      <Connect(ContractorResources)
        activityIndex={3}
      />
    </Section>
  </Route>
  <Route
    contentType="form"
    isPublic={false}
    key="/apd/:apdId/activity/:activityIndex/cost-allocation"
    pageName="Cost Allocation and Other Funding"
    path="/apd/:apdId/activity/:activityIndex/cost-allocation"
    siteSection="APD - Activity"
  >
    <Section
      id={null}
      resource={null}
    >
      <CostAllocation
        activityIndex={3}
      />
    </Section>
  </Route>
  <Route
    contentType="form"
    isPublic={false}
    key="/apd/:apdId/activity/:activityIndex/ffp"
    pageName="Budget and FFP"
    path="/apd/:apdId/activity/:activityIndex/ffp"
    siteSection="APD - Activity"
  >
    <Section
      id={null}
      resource={null}
    >
      <Connect(CostAllocateFFP)
        activityIndex={3}
      />
    </Section>
  </Route>
  <Route
    contentType="form"
    isPublic={false}
    key="/apd/:apdId/activity/:activityIndex/schedule-and-milestones"
    pageName="Activity Schedule and Milestones"
    path="/apd/:apdId/activity/:activityIndex/schedule-and-milestones"
    siteSection="APD - Activity"
  >
    <Section
      id={null}
      resource={null}
    >
      <Connect(Schedule)
        activityIndex={3}
      />
      <Connect(Milestone)
        activityIndex={3}
      />
    </Section>
  </Route>
  <Route
    contentType="form"
    isPublic={false}
    key="/apd/:apdId/activity/:activityIndex/alternatives-and-risks"
    pageName="Analysis of Alternatives and Risks"
    path="/apd/:apdId/activity/:activityIndex/alternatives-and-risks"
    siteSection="APD - Activity"
  >
    <Section
      id={null}
      resource={null}
    >
      <Connect(AlternativesAndRisks)
        activityIndex={3}
      />
    </Section>
  </Route>
  <Route
    contentType="form"
    isPublic={false}
    key="/apd/:apdId/activity/:activityIndex/overview"
    pageName="Overview"
    path="/apd/:apdId/activity/:activityIndex/overview"
    siteSection="APD - Activity"
  >
    <Section
      id={null}
      resource={null}
    >
      <Connect(ActivityOverview)
        activityIndex={3}
      />
      <Connect(StandardsAndConditions)
        activityIndex={3}
      />
    </Section>
  </Route>
</Switch>
`;
