// Jest Snapshot v1, https://goo.gl/fbAQLP

exports[`activity non-personnel costs subsection renders correctly 1`] = `
<Fragment>
  <Instruction
    args={null}
    headingDisplay={
      Object {
        "className": "ds-h3",
        "level": "h3",
      }
    }
    labelFor={null}
    reverse={false}
    source="activities.expenses.instruction"
  />
  <FormAndReviewList
    activityIndex={58}
    addButtonText="Add State Expense"
    allowDeleteAll={true}
    className={null}
    collapsed={[Function]}
    errorCheck={false}
    expanded={
      Object {
        "$$typeof": Symbol(react.forward_ref),
        "WrappedComponent": Object {
          "$$typeof": Symbol(react.forward_ref),
          "propTypes": Object {
            "activityIndex": [Function],
            "apdType": [Function],
            "index": [Function],
            "item": [Function],
            "saveNonPersonnelCost": [Function],
            "setFormValid": [Function],
          },
          "render": [Function],
        },
        "render": [Function],
      }
    }
    list={
      Array [
        Object {
          "category": "test category",
          "desc": "test desc",
          "key": "cost key",
          "years": Object {
            "2027": 34355,
            "2028": 48833,
          },
        },
      ]
    }
    noDataMessage="Add other state expense(s) for this activity."
    onAddClick={[Function]}
    onCancelClick={[Function]}
    onDeleteClick={[Function]}
  />
</Fragment>
`;
