// Jest Snapshot v1, https://goo.gl/fbAQLP

exports[`ProposedBudget component renders correctly 1`] = `
<Fragment>
  <Connect(ConnectedWaypoint) />
  <Connect(AlertMissingFFY) />
  <Section
    id={null}
    resource="proposedBudget"
  >
    <Connect(ConnectedWaypoint)
      id="combined-activity-costs-table"
    />
    <Subsection
      headerClassName={null}
      id="combined-activity-costs-table"
      nested={false}
      resource="proposedBudget.combinedActivityCosts"
    >
      <Connect(CombinedActivityCosts) />
    </Subsection>
    <Connect(ConnectedWaypoint)
      id="budget-summary-table"
    />
    <Subsection
      headerClassName={null}
      id="budget-summary-table"
      nested={false}
      resource="proposedBudget.summaryBudget"
    >
      <Connect(BudgetSummary) />
    </Subsection>
    <Connect(ConnectedWaypoint)
      id="budget-federal-by-quarter"
    />
    <Subsection
      headerClassName={null}
      id="budget-federal-by-quarter"
      nested={false}
      resource="proposedBudget.quarterlyBudget"
    >
      <Connect(QuarterlyBudgetSummary) />
    </Subsection>
    <Connect(ConnectedWaypoint)
      id="budget-incentive-by-quarter"
    />
    <Subsection
      headerClassName={null}
      id="budget-incentive-by-quarter"
      nested={false}
      resource="proposedBudget.paymentsByFFYQuarter"
    >
      <Connect(IncentivePayments) />
    </Subsection>
  </Section>
</Fragment>
`;
