// Jest Snapshot v1, https://goo.gl/fbAQLP

exports[`State and Contractor Cost Breakdown Table renders correctly renders correctly 1`] = `
<table
  className="budget-table activity-budget-table"
  id="activity-3-2016"
>
  <thead>
    <tr
      className="budget-table--row__primary-header"
    >
      <th
        scope="col"
      >
        Activity 
        3
         
        <span
          style={
            Object {
              "fontWeight": "100",
            }
          }
        >
          activity name
           (HIE)
        </span>
      </th>
      <th
        colSpan="4"
        scope="col"
      >
        Personnel Cost Ã— FTE
      </th>
      <th
        className="ds-u-text-align--right"
        scope="col"
      >
        Total cost
      </th>
    </tr>
  </thead>
  <tbody>
    <CostAllocationRows
      activityIndex={2}
      ffy="2016"
      otherFunding={
        Object {
          "2016": Object {
            "contractors": 350,
            "expenses": 200,
            "statePersonnel": 100,
            "total": 650,
          },
          "2017": Object {
            "contractors": 150,
            "expenses": 700,
            "statePersonnel": 400,
            "total": 1250,
          },
        }
      }
      years={
        Object {
          "2016": Object {
            "contractorResources": Array [
              Object {
                "description": "contractor 2.1",
                "totalCost": 2000,
                "unitCost": null,
                "units": null,
              },
              Object {
                "description": "contractor 2.2",
                "totalCost": 2001,
                "unitCost": 20,
                "units": "20 hours",
              },
            ],
            "contractorResourcesTotal": 1000,
            "federalPercent": 1001,
            "federalShare": 90,
            "keyPersonnel": Array [
              Object {
                "description": "key person (APD Key Personnel)",
                "totalCost": 1002,
                "unitCost": null,
                "units": "100% time",
              },
            ],
            "medicaidShare": 1003,
            "nonPersonnel": Array [
              Object {
                "description": "costly costs",
                "totalCost": 3000,
                "unitCost": null,
                "units": null,
              },
            ],
            "nonPersonnelTotal": 1004,
            "otherFunding": 1005,
            "statePercent": 10,
            "statePersonnel": Array [
              Object {
                "description": "personnel role",
                "totalCost": 4000,
                "unitCost": 40,
                "units": "0.5 FTE",
              },
            ],
            "statePersonnelTotal": 1006,
            "stateShare": 1007,
            "totalCost": 1008,
          },
          "2017": Object {
            "contractorResources": Array [
              Object {
                "description": "contractor 2.1",
                "totalCost": 6000,
                "unitCost": null,
                "units": null,
              },
              Object {
                "description": "contractor 2.2",
                "totalCost": 6001,
                "unitCost": 60,
                "units": "60 hours",
              },
            ],
            "contractorResourcesTotal": 7000,
            "federalPercent": 7001,
            "federalShare": 50,
            "keyPersonnel": Array [
              Object {
                "description": "key person (APD Key Personnel)",
                "totalCost": 8002,
                "unitCost": null,
                "units": "100% time",
              },
            ],
            "medicaidShare": 7003,
            "nonPersonnel": Array [
              Object {
                "description": "costly costs",
                "totalCost": 9000,
                "unitCost": null,
                "units": null,
              },
            ],
            "nonPersonnelTotal": 7004,
            "otherFunding": 7005,
            "statePercent": 50,
            "statePersonnel": Array [
              Object {
                "description": "personnel role",
                "totalCost": 9000,
                "unitCost": 90,
                "units": "0.5 FTE",
              },
            ],
            "statePersonnelTotal": 7006,
            "stateShare": 7007,
            "totalCost": 7008,
          },
        }
      }
    />
  </tbody>
</table>
`;
