// Jest Snapshot v1, https://goo.gl/fbAQLP

exports[`apd state profile, Medicaid office component renders correctly 1`] = `
<FormAndReviewList
  addButtonText="Add Key Personnel"
  allowDeleteAll={false}
  className={null}
  collapsed={[Function]}
  errorCheck={false}
  expanded={
    Object {
      "$$typeof": Symbol(react.forward_ref),
      "WrappedComponent": Object {
        "$$typeof": Symbol(react.forward_ref),
        "propTypes": Object {
          "apdType": [Function],
          "index": [Function],
          "item": [Function],
          "savePerson": [Function],
          "setFormValid": [Function],
          "years": [Function],
        },
        "render": [Function],
      },
      "render": [Function],
    }
  }
  list={
    Array [
      Object {
        "costs": Object {
          "1": 100,
          "2": 200,
        },
        "email": "person1@theplace.gov",
        "fte": Object {
          "1": 0.27,
          "2": 0.27,
        },
        "hasCosts": true,
        "key": "person1",
        "name": "person name",
        "position": "unobservable",
      },
      Object {
        "costs": Object {
          "1": 0,
          "2": 0,
        },
        "email": "person2@theplace.gov",
        "fte": Object {
          "1": 0.72,
          "2": 0.72,
        },
        "hasCosts": false,
        "key": "person2",
        "name": "",
        "position": "",
      },
    ]
  }
  noDataMessage="Primary Point of Contact has not been added for this activity."
  onAddClick={[Function]}
  onCancelClick={[Function]}
  onDeleteClick={[Function]}
  years={
    Array [
      "1",
      "2",
    ]
  }
/>
`;
