// Jest Snapshot v1, https://goo.gl/fbAQLP

exports[`auth/certifications get endpoint GET /auth/certifications when authenticated as a user with permission valid request 1`] = `
Array [
  Object {
    "affiliationId": null,
    "email": "stateadminmatch@email.com",
    "ffy": 2023,
    "fileUrl": "http://localhost:8081/auth/certifications/files/test-123",
    "id": 5004,
    "name": "State Admin Test",
    "potentialMatches": "1",
    "state": "ak",
  },
]
`;
