// Jest Snapshot v1, https://goo.gl/fbAQLP

exports[`APD header renders correctly 1`] = `
<div>
  <div
    className="flex-align-row"
    id="apd-title-container"
  >
    <div
      id="editable-label"
    >
      <div>
        <FormLabel
          className="ds-u-visibility--screen-reader"
          component="label"
        >
          Edit APD Name
        </FormLabel>
        <div
          className="ds-h1 apd--title"
          id="apd-title-input"
          onClick={[Function]}
          onKeyPress={[Function]}
          role="button"
          tabIndex="0"
        >
          namey name
        </div>
      </div>
    </div>
    <Button
      className="ds-c-button ds-c-button--transparent"
      id="title-edit-link"
      onClick={[Function]}
    >
      <FontAwesomeIcon
        beat={false}
        beatFade={false}
        border={false}
        bounce={false}
        className=""
        fade={false}
        fixedWidth={false}
        flip={false}
        icon={
          Object {
            "icon": Array [
              512,
              512,
              Array [
                "edit",
              ],
              "f044",
              "M490.3 40.4C512.2 62.27 512.2 97.73 490.3 119.6L460.3 149.7L362.3 51.72L392.4 21.66C414.3-.2135 449.7-.2135 471.6 21.66L490.3 40.4zM172.4 241.7L339.7 74.34L437.7 172.3L270.3 339.6C264.2 345.8 256.7 350.4 248.4 353.2L159.6 382.8C150.1 385.6 141.5 383.4 135 376.1C128.6 370.5 126.4 361 129.2 352.4L158.8 263.6C161.6 255.3 166.2 247.8 172.4 241.7V241.7zM192 63.1C209.7 63.1 224 78.33 224 95.1C224 113.7 209.7 127.1 192 127.1H96C78.33 127.1 64 142.3 64 159.1V416C64 433.7 78.33 448 96 448H352C369.7 448 384 433.7 384 416V319.1C384 302.3 398.3 287.1 416 287.1C433.7 287.1 448 302.3 448 319.1V416C448 469 405 512 352 512H96C42.98 512 0 469 0 416V159.1C0 106.1 42.98 63.1 96 63.1H192z",
            ],
            "iconName": "pen-to-square",
            "prefix": "fas",
          }
        }
        inverse={false}
        listItem={false}
        mask={null}
        maskId={null}
        pull={null}
        pulse={false}
        rotation={null}
        shake={false}
        size={null}
        spin={false}
        spinPulse={false}
        spinReverse={false}
        style={
          Object {
            "width": "14px",
          }
        }
        swapOpacity={false}
        symbol={false}
        title=""
        titleId={null}
        transform={null}
      />
       Edit
    </Button>
  </div>
  <div
    id="apd-header-info"
  >
    <h1
      className="ds-h5 ds-u-margin-top--1"
    >
       IAPD | FFY 
      ffys
    </h1>
    <span
      className="ds-h6 ds-u-display--block ds-u-margin-top--1 ds-u-margin-bottom--3"
    >
      <strong>
        Created:
      </strong>
       
      creation date
    </span>
  </div>
</div>
`;
