// Jest Snapshot v1, https://goo.gl/fbAQLP

exports[`the OutcomeAndMetricForm component renders correctly 1`] = `
<form
  index={1}
  key="activity93-index1-form"
  onSubmit={[Function]}
>
  <button
    aria-hidden="true"
    aria-label="submitButton"
    disabled={true}
    style={
      Object {
        "display": "none",
      }
    }
    type="submit"
  />
  <Component
    control={
      Object {
        "_defaultValues": Object {
          "metrics": Array [
            Object {
              "key": "om key 1",
              "metric": "metric 1",
            },
            Object {
              "key": "om key 2",
              "metric": "metric 2",
            },
          ],
          "outcome": "outcome description",
        },
        "_executeSchema": [Function],
        "_fields": Object {},
        "_formState": Object {
          "dirtyFields": Object {},
          "errors": Object {},
          "isDirty": false,
          "isSubmitSuccessful": false,
          "isSubmitted": false,
          "isSubmitting": false,
          "isValid": false,
          "isValidating": false,
          "submitCount": 0,
          "touchedFields": Object {},
        },
        "_formValues": Object {
          "metrics": Array [
            Object {
              "key": "om key 1",
              "metric": "metric 1",
            },
            Object {
              "key": "om key 2",
              "metric": "metric 2",
            },
          ],
          "outcome": "outcome description",
        },
        "_getDirty": [Function],
        "_getFieldArray": [Function],
        "_getWatch": [Function],
        "_names": Object {
          "array": Set {
            "metrics",
          },
          "mount": Set {},
          "unMount": Set {},
          "watch": Set {},
        },
        "_options": Object {
          "defaultValues": Object {
            "metrics": Array [
              Object {
                "key": "om key 1",
                "metric": "metric 1",
              },
              Object {
                "key": "om key 2",
                "metric": "metric 2",
              },
            ],
            "outcome": "outcome description",
          },
          "mode": "onBlur",
          "reValidateMode": "onBlur",
          "resolver": [Function],
          "shouldFocusError": true,
        },
        "_proxyFormState": Object {
          "dirtyFields": false,
          "errors": "all",
          "isDirty": false,
          "isValid": "all",
          "isValidating": false,
          "touchedFields": false,
        },
        "_removeUnmounted": [Function],
        "_stateFlags": Object {
          "action": false,
          "mount": false,
          "watch": false,
        },
        "_subjects": Object {
          "array": Object {
            "next": [Function],
            "observers": Array [],
            "subscribe": [Function],
            "unsubscribe": [Function],
          },
          "state": Object {
            "next": [Function],
            "observers": Array [],
            "subscribe": [Function],
            "unsubscribe": [Function],
          },
          "watch": Object {
            "next": [Function],
            "observers": Array [],
            "subscribe": [Function],
            "unsubscribe": [Function],
          },
        },
        "_updateFieldArray": [Function],
        "_updateValid": [Function],
        "getFieldState": [Function],
        "register": [Function],
        "unregister": [Function],
      }
    }
    data-cy="outcome-1"
    key="activity93-index1"
    name="outcome"
    render={[Function]}
  />
  <Review
    ariaLabel="1. metric 1"
    editHref={null}
    key="om key 1"
    objType="Metric"
    onDeleteClick={[Function]}
    onDeleteLabel="Remove"
    onEditClick={null}
    skipConfirmation={true}
    title={null}
  >
    <div
      className="ds-c-choice__checkedChild ds-u-margin-top--3 ds-u-padding-top--0"
      key="om key 1"
    >
      <Component
        control={
          Object {
            "_defaultValues": Object {
              "metrics": Array [
                Object {
                  "key": "om key 1",
                  "metric": "metric 1",
                },
                Object {
                  "key": "om key 2",
                  "metric": "metric 2",
                },
              ],
              "outcome": "outcome description",
            },
            "_executeSchema": [Function],
            "_fields": Object {},
            "_formState": Object {
              "dirtyFields": Object {},
              "errors": Object {},
              "isDirty": false,
              "isSubmitSuccessful": false,
              "isSubmitted": false,
              "isSubmitting": false,
              "isValid": false,
              "isValidating": false,
              "submitCount": 0,
              "touchedFields": Object {},
            },
            "_formValues": Object {
              "metrics": Array [
                Object {
                  "key": "om key 1",
                  "metric": "metric 1",
                },
                Object {
                  "key": "om key 2",
                  "metric": "metric 2",
                },
              ],
              "outcome": "outcome description",
            },
            "_getDirty": [Function],
            "_getFieldArray": [Function],
            "_getWatch": [Function],
            "_names": Object {
              "array": Set {
                "metrics",
              },
              "mount": Set {},
              "unMount": Set {},
              "watch": Set {},
            },
            "_options": Object {
              "defaultValues": Object {
                "metrics": Array [
                  Object {
                    "key": "om key 1",
                    "metric": "metric 1",
                  },
                  Object {
                    "key": "om key 2",
                    "metric": "metric 2",
                  },
                ],
                "outcome": "outcome description",
              },
              "mode": "onBlur",
              "reValidateMode": "onBlur",
              "resolver": [Function],
              "shouldFocusError": true,
            },
            "_proxyFormState": Object {
              "dirtyFields": false,
              "errors": "all",
              "isDirty": false,
              "isValid": "all",
              "isValidating": false,
              "touchedFields": false,
            },
            "_removeUnmounted": [Function],
            "_stateFlags": Object {
              "action": false,
              "mount": false,
              "watch": false,
            },
            "_subjects": Object {
              "array": Object {
                "next": [Function],
                "observers": Array [],
                "subscribe": [Function],
                "unsubscribe": [Function],
              },
              "state": Object {
                "next": [Function],
                "observers": Array [],
                "subscribe": [Function],
                "unsubscribe": [Function],
              },
              "watch": Object {
                "next": [Function],
                "observers": Array [],
                "subscribe": [Function],
                "unsubscribe": [Function],
              },
            },
            "_updateFieldArray": [Function],
            "_updateValid": [Function],
            "getFieldState": [Function],
            "register": [Function],
            "unregister": [Function],
          }
        }
        defaultValue="metric 1"
        name="metrics[0].metric"
        render={[Function]}
      />
    </div>
  </Review>
  <Review
    ariaLabel="2. metric 2"
    editHref={null}
    key="om key 2"
    objType="Metric"
    onDeleteClick={[Function]}
    onDeleteLabel="Remove"
    onEditClick={null}
    skipConfirmation={true}
    title={null}
  >
    <div
      className="ds-c-choice__checkedChild ds-u-margin-top--3 ds-u-padding-top--0"
      key="om key 2"
    >
      <Component
        control={
          Object {
            "_defaultValues": Object {
              "metrics": Array [
                Object {
                  "key": "om key 1",
                  "metric": "metric 1",
                },
                Object {
                  "key": "om key 2",
                  "metric": "metric 2",
                },
              ],
              "outcome": "outcome description",
            },
            "_executeSchema": [Function],
            "_fields": Object {},
            "_formState": Object {
              "dirtyFields": Object {},
              "errors": Object {},
              "isDirty": false,
              "isSubmitSuccessful": false,
              "isSubmitted": false,
              "isSubmitting": false,
              "isValid": false,
              "isValidating": false,
              "submitCount": 0,
              "touchedFields": Object {},
            },
            "_formValues": Object {
              "metrics": Array [
                Object {
                  "key": "om key 1",
                  "metric": "metric 1",
                },
                Object {
                  "key": "om key 2",
                  "metric": "metric 2",
                },
              ],
              "outcome": "outcome description",
            },
            "_getDirty": [Function],
            "_getFieldArray": [Function],
            "_getWatch": [Function],
            "_names": Object {
              "array": Set {
                "metrics",
              },
              "mount": Set {},
              "unMount": Set {},
              "watch": Set {},
            },
            "_options": Object {
              "defaultValues": Object {
                "metrics": Array [
                  Object {
                    "key": "om key 1",
                    "metric": "metric 1",
                  },
                  Object {
                    "key": "om key 2",
                    "metric": "metric 2",
                  },
                ],
                "outcome": "outcome description",
              },
              "mode": "onBlur",
              "reValidateMode": "onBlur",
              "resolver": [Function],
              "shouldFocusError": true,
            },
            "_proxyFormState": Object {
              "dirtyFields": false,
              "errors": "all",
              "isDirty": false,
              "isValid": "all",
              "isValidating": false,
              "touchedFields": false,
            },
            "_removeUnmounted": [Function],
            "_stateFlags": Object {
              "action": false,
              "mount": false,
              "watch": false,
            },
            "_subjects": Object {
              "array": Object {
                "next": [Function],
                "observers": Array [],
                "subscribe": [Function],
                "unsubscribe": [Function],
              },
              "state": Object {
                "next": [Function],
                "observers": Array [],
                "subscribe": [Function],
                "unsubscribe": [Function],
              },
              "watch": Object {
                "next": [Function],
                "observers": Array [],
                "subscribe": [Function],
                "unsubscribe": [Function],
              },
            },
            "_updateFieldArray": [Function],
            "_updateValid": [Function],
            "getFieldState": [Function],
            "register": [Function],
            "unregister": [Function],
          }
        }
        defaultValue="metric 2"
        name="metrics[1].metric"
        render={[Function]}
      />
    </div>
  </Review>
  <div
    className="align-content-right ds-u-margin-y--0 ds-u-margin-top--2"
    style={
      Object {
        "width": 485,
      }
    }
  >
    <Button
      className="ds-c-button ds-c-button--transparent"
      key="activity93-index1-add-metric"
      onClick={[Function]}
    >
      <FontAwesomeIcon
        beat={false}
        beatFade={false}
        border={false}
        bounce={false}
        className="ds-u-margin-right--1"
        fade={false}
        fixedWidth={false}
        flip={false}
        icon={
          Object {
            "icon": Array [
              512,
              512,
              Array [
                "plus-circle",
              ],
              "f055",
              "M0 256C0 114.6 114.6 0 256 0C397.4 0 512 114.6 512 256C512 397.4 397.4 512 256 512C114.6 512 0 397.4 0 256zM256 368C269.3 368 280 357.3 280 344V280H344C357.3 280 368 269.3 368 256C368 242.7 357.3 232 344 232H280V168C280 154.7 269.3 144 256 144C242.7 144 232 154.7 232 168V232H168C154.7 232 144 242.7 144 256C144 269.3 154.7 280 168 280H232V344C232 357.3 242.7 368 256 368z",
            ],
            "iconName": "circle-plus",
            "prefix": "fas",
          }
        }
        inverse={false}
        listItem={false}
        mask={null}
        maskId={null}
        pull={null}
        pulse={false}
        rotation={null}
        shake={false}
        size={null}
        spin={false}
        spinPulse={false}
        spinReverse={false}
        swapOpacity={false}
        symbol={false}
        title=""
        titleId={null}
        transform={null}
      />
      Add Metric to Outcome
    </Button>
  </div>
  <input
    aria-label="submitButton"
    className="ds-u-visibility--hidden"
    hidden={true}
    type="submit"
  />
</form>
`;
